######## seed 42 | t5 | 2wiki | nested_M32
[SCP nested] t5/2wiki: 1353 passages | prefixes [4, 8, 16, 32] | trainable params 7,102,464 | device cuda
SCP epoch 1/3: 100%|██████████| 1353/1353 [27:14<00:00,  1.21s/it]
  epoch 1: CE by prefix m=4:3.541 m=8:3.519 m=16:3.510 m=32:3.555 | MSE 0.0057
SCP epoch 2/3: 100%|██████████| 1353/1353 [27:18<00:00,  1.21s/it]
  epoch 2: CE by prefix m=4:3.313 m=8:3.271 m=16:3.302 m=32:3.305 | MSE 0.0028
SCP epoch 3/3: 100%|██████████| 1353/1353 [27:32<00:00,  1.22s/it]
/home/venugopala.m/clara_nested/nclara/modeling.py:208: FutureWarning: You are using `torch.load` with `weights_only=False` (the current default value), which uses the default pickle module implicitly. It is possible to construct malicious pickle data which will execute arbitrary code during unpickling (See https://github.com/pytorch/pytorch/blob/main/SECURITY.md#untrusted-models for more details). In a future release, the default value for `weights_only` will be flipped to `True`. This limits the functions that could be executed during unpickling. Arbitrary objects will no longer be allowed to be loaded via this mode unless they are explicitly allowlisted by the user via `torch.serialization.add_safe_globals`. We recommend you start setting `weights_only=True` for any use case where you don't have full control of the loaded file. Please open an issue on GitHub for any issues related to this experimental feature.
  state = torch.load(os.path.join(in_dir, "lora_state.pt"), map_location=self.device)
/home/venugopala.m/clara_nested/nclara/modeling.py:215: FutureWarning: You are using `torch.load` with `weights_only=False` (the current default value), which uses the default pickle module implicitly. It is possible to construct malicious pickle data which will execute arbitrary code during unpickling (See https://github.com/pytorch/pytorch/blob/main/SECURITY.md#untrusted-models for more details). In a future release, the default value for `weights_only` will be flipped to `True`. This limits the functions that could be executed during unpickling. Arbitrary objects will no longer be allowed to be loaded via this mode unless they are explicitly allowlisted by the user via `torch.serialization.add_safe_globals`. We recommend you start setting `weights_only=True` for any use case where you don't have full control of the loaded file. Please open an issue on GitHub for any issues related to this experimental feature.
  mem = torch.load(os.path.join(in_dir, "mem_embeddings.pt"), map_location=self.device)
  epoch 3: CE by prefix m=4:3.251 m=8:3.213 m=16:3.189 m=32:3.195 | MSE 0.0024
  adapter changes since start: compressor 96/288, generator 288/288, query_reasoner 0/288
  saved -> runs/t5/2wiki/nested_M32_s42/scp
caching compressed passages: 100%|██████████| 1000/1000 [06:44<00:00,  2.47it/s]
[E2E] 1000 questions | 6123 cached passages | copied 288 tensors compressor->query_reasoner | k=4 | r=16 | budget=64 policies=['uniform', 'top_heavy']
E2E epoch 1/3: 100%|██████████| 1000/1000 [06:40<00:00,  2.50it/s]
  epoch 1: loss 2.007 | train hit@4 78.5% | all-gold@4 25.8%
E2E epoch 2/3: 100%|██████████| 1000/1000 [06:50<00:00,  2.44it/s]
  epoch 2: loss 1.880 | train hit@4 82.5% | all-gold@4 33.4%
E2E epoch 3/3: 100%|██████████| 1000/1000 [06:11<00:00,  2.69it/s]
  epoch 3: loss 1.823 | train hit@4 85.4% | all-gold@4 37.7%
  compressor changed 0/288 (expect 0) | query_reasoner 96/288 | generator 288/288
  saved -> runs/t5/2wiki/nested_M32_s42/e2e
scp_curve: 100%|██████████| 147/147 [10:01<00:00,  4.09s/it]
compressing eval passages: 100%|██████████| 300/300 [02:23<00:00,  2.09it/s]
Token indices sequence length is longer than the specified maximum sequence length for this model (700 > 512). Running this sequence through the model will result in indexing errors
oracle: 100%|██████████| 300/300 [06:14<00:00,  1.25s/it]
qa: 100%|██████████| 300/300 [09:02<00:00,  1.81s/it]
results -> runs/t5/2wiki/nested_M32_s42/results/eval.json and summary.md
######## seed 42 | t5 | 2wiki | nested_M32__learned
caching compressed passages: 100%|██████████| 1000/1000 [05:43<00:00,  2.91it/s]
[E2E] 1000 questions | 6123 cached passages | copied 288 tensors compressor->query_reasoner | k=4 | r=16 | learned budgets, totals [32, 64], lengths [4, 8, 16, 32]
E2E epoch 1/3: 100%|██████████| 1000/1000 [10:25<00:00,  1.60it/s]
  epoch 1: loss 2.001 | train hit@4 77.6% | all-gold@4 25.9% | rank-1 share 0.25 | split entropy 2.45 | budget gold 12.2 vs other 12.3
E2E epoch 2/3: 100%|██████████| 1000/1000 [10:13<00:00,  1.63it/s]
  epoch 2: loss 1.860 | train hit@4 82.7% | all-gold@4 33.1% | rank-1 share 0.25 | split entropy 2.39 | budget gold 12.0 vs other 11.9
E2E epoch 3/3: 100%|██████████| 1000/1000 [10:09<00:00,  1.64it/s]
  epoch 3: loss 1.805 | train hit@4 87.1% | all-gold@4 38.9% | rank-1 share 0.25 | split entropy 1.36 | budget gold 12.1 vs other 12.0
  compressor changed 0/288 (expect 0) | query_reasoner 96/288 | generator 288/288
  saved -> runs/t5/2wiki/nested_M32__learned_s42/e2e
scp_curve: 100%|██████████| 147/147 [09:59<00:00,  4.08s/it]
compressing eval passages: 100%|██████████| 300/300 [02:20<00:00,  2.14it/s]
Token indices sequence length is longer than the specified maximum sequence length for this model (700 > 512). Running this sequence through the model will result in indexing errors
oracle: 100%|██████████| 300/300 [06:30<00:00,  1.30s/it]
/home/venugopala.m/clara_nested/nclara/budget.py:90: FutureWarning: You are using `torch.load` with `weights_only=False` (the current default value), which uses the default pickle module implicitly. It is possible to construct malicious pickle data which will execute arbitrary code during unpickling (See https://github.com/pytorch/pytorch/blob/main/SECURITY.md#untrusted-models for more details). In a future release, the default value for `weights_only` will be flipped to `True`. This limits the functions that could be executed during unpickling. Arbitrary objects will no longer be allowed to be loaded via this mode unless they are explicitly allowlisted by the user via `torch.serialization.add_safe_globals`. We recommend you start setting `weights_only=True` for any use case where you don't have full control of the loaded file. Please open an issue on GitHub for any issues related to this experimental feature.
  ck = torch.load(path, map_location=device)
qa: 100%|██████████| 300/300 [10:34<00:00,  2.12s/it]
results -> runs/t5/2wiki/nested_M32__learned_s42/results/eval.json and summary.md
######## seed 42 | t5 | 2wiki | fixed_M16
[SCP fixed] t5/2wiki: 1353 passages | prefixes [16] | trainable params 7,090,176 | device cuda
SCP epoch 1/3: 100%|██████████| 1353/1353 [26:56<00:00,  1.20s/it]
  epoch 1: CE by prefix m=16:3.534 | MSE 0.0049
SCP epoch 2/3: 100%|██████████| 1353/1353 [28:56<00:00,  1.28s/it]
  epoch 2: CE by prefix m=16:3.292 | MSE 0.0028
SCP epoch 3/3: 100%|██████████| 1353/1353 [27:49<00:00,  1.23s/it]
  epoch 3: CE by prefix m=16:3.232 | MSE 0.0026
  adapter changes since start: compressor 96/288, generator 288/288, query_reasoner 0/288
  saved -> runs/t5/2wiki/fixed_M16_s42/scp
caching compressed passages: 100%|██████████| 1000/1000 [05:36<00:00,  2.97it/s]
[E2E] 1000 questions | 6123 cached passages | copied 288 tensors compressor->query_reasoner | k=4 | r=16 | budget=64 policies=['uniform']
E2E epoch 1/3: 100%|██████████| 1000/1000 [06:27<00:00,  2.58it/s]
  epoch 1: loss 2.032 | train hit@4 74.4% | all-gold@4 21.0%
E2E epoch 2/3: 100%|██████████| 1000/1000 [06:16<00:00,  2.65it/s]
  epoch 2: loss 1.905 | train hit@4 81.1% | all-gold@4 27.7%
E2E epoch 3/3: 100%|██████████| 1000/1000 [06:18<00:00,  2.64it/s]
  epoch 3: loss 1.841 | train hit@4 83.9% | all-gold@4 31.3%
  compressor changed 0/288 (expect 0) | query_reasoner 96/288 | generator 288/288
  saved -> runs/t5/2wiki/fixed_M16_s42/e2e
scp_curve: 100%|██████████| 147/147 [07:32<00:00,  3.08s/it]
compressing eval passages: 100%|██████████| 300/300 [02:17<00:00,  2.18it/s]
Token indices sequence length is longer than the specified maximum sequence length for this model (700 > 512). Running this sequence through the model will result in indexing errors
oracle: 100%|██████████| 300/300 [05:21<00:00,  1.07s/it]
qa: 100%|██████████| 300/300 [06:56<00:00,  1.39s/it]
results -> runs/t5/2wiki/fixed_M16_s42/results/eval.json and summary.md
summary of 11 runs -> runs/results_summary.md
